ok   health 200 (200)
ok   admin login 200 (200)
ok   category CATQ 200 (200)
ok   create single QA 200 (200)
ok   create judge QC 200 (200)
ok   bad score sum 400 (400)
ok   bad status 400 (400)
ok   empty rules 400 (400)
ok   rule bad category 400 (400)
ok   rule cat msg (ok)
ok   rule count 0 400 (400)
ok   main bad category 400 (400)
ok   empty title 400 (400)
ok   create EX1 200 (200)
ok   EX1 question_count 2 (2)
ok   EX1 status (published)
ok   create EX2 draft 200 (200)
ok   create EX3 200 (200)
ok   admin list 200 (200)
ok   admin list total 3 (3)
ok   admin draft filter total 1 (1)
ok   admin draft item EX2 (173)
ok   admin keyword hit (1)
ok   admin get EX1 200 (200)
ok   EX1 duration 30 (30)
ok   admin get missing 404 (404)
ok   guest list 401 (401)
ok   guest start 401 (401)
ok   guest submit 401 (401)
ok   student register 200 (200)
ok   student login 200 (200)
ok   student list 200 (200)
ok   student list total 2 (no draft) (2)
ok   draft excluded, published present (ok)
ok   start draft 404 (404)
ok   start missing 404 (404)
ok   start pool shortage 400 (400)
ok   pool msg (ok)
ok   start EX1 200 (200)
ok   start resumed false (False)
ok   start 2 questions (2)
ok   start no saved answers (0)
ok   deadline -30min (1800)
ok   remaining >1790 (1)
ok   snapshot hides answers (ok)
ok   autosave 200 (200)
ok   autosave saved 2 (2)
ok   resume 200 (200)
ok   resume same attempt (165)
ok   resume flag true (True)
ok   resume has answers (2)
ok   autosave missing 404 (404)
ok   submit A 200 (200)
ok   score A 20 (20)
ok   total A 20 (20)
ok   passed A (True)
ok   correct A 2/2 (2)
ok   double submit 400 (400)
ok   autosave after submit 400 (400)
ok   start attempt B 200 (200)
ok   new attempt id differs (ok)
ok   submit B 200 (200)
ok   score B 0 (0)
ok   passed B false (False)
ok   start attempt C 200 (200)
ok   review unsubmitted 400 (400)
ok   unsubmitted msg (ok)
ok   submit C blank 200 (200)
ok   score C 0 (0)
ok   review A 200 (200)
ok   review A exam title (p5 exam one)
ok   review A total 20 (20)
ok   review A passed (True)
ok   review A items 2 (2)
ok   review A has answers (True)
ok   review A single answer (B)
ok   review A has explanation (True)
ok   review A score_gained 10 (10)
ok   review B 200 (200)
ok   review B single wrong (False)
ok   review B single student (A)
ok   review B judge blank ()
ok   review B judge not in wrongbook via blank (False)
ok   review missing 404 (404)
ok   wrong list 200 (200)
ok   wrong total 1 (exam QA) (1)
ok   wrong item QA (139)
ok   attempt list 200 (200)
ok   attempt list total 3 (3)
ok   attempt list item has title (p5 exam one)
ok   attempt best is C(0) first (id desc) (0)
ok   attempt list filter empty (0)
ok   student list stats 200 (200)
ok   EX1 my_attempts 3 best 20 (ok)
ok   student2 register 200 (200)
ok   student2 login 200 (200)
ok   B review A 404 (404)
ok   B submit A 404 (404)
ok   B autosave A 404 (404)
ok   update bad sum 400 (400)
ok   update 200 (200)
ok   update title (p5 exam one v2)
ok   update duration 45 (45)
ok   update missing 404 (404)
ok   delete EX1 200 (200)
ok   start deleted 404 (404)
ok   review deleted exam still 200 (200)
ok   deleted exam title still in review (p5 exam one v2)
ok   admin list after delete 2 (2)
ok   delete again 404 (404)
ok   server stopped (Windows kill=TearDown, rc=143 非优雅关停路径)
ok   shutdown 日志干净
PASS=112 FAIL=0
