ok   health 200 (200)
ok   admin login 200 (200)
ok   student1 register 200 (200)
ok   student1 login 200 (200)
ok   student2 register 200 (200)
ok   student2 login 200 (200)
ok   course C1 200 (200)
ok   course C2 200 (200)
ok   course C3 200 (200)
ok   course CF free 200 (200)
ok   course CD draft 200 (200)
ok   chapter 200 (200)
ok   paid lesson 200 (200)
ok   enroll C1 200 (200)
ok   enroll C1 pending_payment (pending_payment)
ok   enroll C1 amount (9900)
ok   lesson locked before pay 403 (403)
ok   guest orders 401 (401)
ok   my orders 200 (200)
ok   my orders total 1 (1)
ok   order1 status pending (pending)
ok   order1 course_title (p6c11789523329)
ok   order1 username (p6stu1789523329)
ok   order1 amount (9900)
ok   order1 operator 0 (0)
ok   order1 paid_at 0 (0)
ok   my orders paid 0 (0)
ok   orders bad status 400 (400)
ok   orders ignore user_id (1)
ok   student admin orders 403 (403)
ok   student pay 403 (403)
ok   student cancel 403 (403)
ok   student create order 403 (403)
ok   guest admin orders 401 (401)
ok   enroll C2 200 (200)
ok   my orders total 2 (2)
ok   admin list user total 2 (2)
ok   admin list desc first is ORD2 (O1789523339-4)
ok   admin list pending 2 (2)
ok   admin list keyword order_no (1)
ok   admin list keyword title (1)
ok   admin list keyword miss (0)
ok   admin list other student 0 (0)
ok   admin list bad status 400 (400)
ok   pay missing 404 (404)
ok   pay bad id 400 (400)
ok   pay bad json 400 (400)
ok   pay remark too long 400 (400)
ok   pay ORD1 200 (200)
ok   ORD1 status paid (paid)
ok   ORD1 operator 1 (1)
ok   ORD1 pay_method empty ()
ok   ORD1 paid_at set
ok   re-enroll C1 already (200)
ok   C1 pay_status paid (paid)
ok   lesson unlocked after pay 200 (200)
ok   my orders paid 1 (1)
ok   pay again 400 (400)
ok   pay again text
ok   cancel paid 400 (400)
ok   cancel paid text
ok   cancel ORD2 200 (200)
ok   ORD2 status cancelled (cancelled)
ok   ORD2 cancel remark (offline refund)
ok   ORD2 operator 1 (1)
ok   enrollments after cancel 1 (1)
ok   C2 enroll_count rollback 0 (0)
ok   cancel again 400 (400)
ok   cancel again text
ok   re-enroll C2 200 (200)
ok   re-enroll C2 pending (pending_payment)
ok   new order_no differs
ok   pending after re-enroll 1 (1)
ok   pending is ORD3 (O1789523347-5)
ok   proxy order 200 (200)
ok   proxy order pending (pending)
ok   proxy order amount 500 (500)
ok   proxy order username (p6stu1789523329)
ok   proxy order operator 1 (1)
ok   proxy order dup 400 (400)
ok   proxy dup text
ok   proxy free course 400 (400)
ok   proxy free text
ok   proxy draft course 400 (400)
ok   proxy draft text
ok   proxy zero user 400 (400)
ok   proxy missing user 404 (404)
ok   proxy missing course 404 (404)
ok   enrollments after proxy 3 (3)
ok   pay ORD4 200 (200)
ok   ORD4 pay_method (cash)
ok   ORD4 remark (smoke pay)
ok   re-enroll C3 already paid (200)
ok   C3 pay_status paid (paid)
ok   my orders total 4 (4)
ok   my orders pending 1 (1)
ok   my orders paid 2 (2)
ok   my orders cancelled 1 (1)
ok   student2 orders 0 (0)
ok   admin list page1 size2 len (2)
ok   admin list page1 size2 total 4 (4)
ok   admin list page3 empty (0)
ok   cancel terminal stays (400)
ok   server stopped (Windows kill=TearDown, rc=143 非优雅关停路径)
ok   shutdown 日志干净
PASS=105 FAIL=0
