ok   health 200 (200)
ok   admin login 200 (200)
ok   student1 register 200 (200)
ok   student2 register 200 (200)
ok   student1 login 200 (200)
ok   student2 login 200 (200)
ok   course C1 200 (200)
ok   course C2 200 (200)
ok   course C3 200 (200)
ok   chapter CH1 200 (200)
ok   lesson L1 200 (200)
ok   chapter CH3 200 (200)
ok   lesson L3 200 (200)
ok   resource R1 meta 200 (200)
ok   ann A1 create 200 (200)
ok   A1 status draft (draft)
ok   A1 published_at 0 (0)
ok   public hides draft (0)
ok   guest draft detail 404 (404)
ok   student draft detail 404 (404)
ok   A1 publish 200 (200)
ok   A1 status published (published)
ok   A1 re-publish 400 (400)
ok   public shows published (1)
ok   student published detail 200 (200)
ok   detail title (p7ann1789527838 A1)
ok   A1 update 200 (200)
ok   A1 title updated (p7ann1789527838 A1v2)
ok   A1 status untouched (published)
ok   A1 unpublish 200 (200)
ok   public hides again after unpublish (0)
ok   A1 re-unpublish 400 (400)
ok   A1 publish again 200 (200)
ok   ann A2 create 200 (200)
ok   admin draft-only count 1 (1)
ok   admin all count 2 (2)
ok   body keyword hides draft (0)
ok   A2 publish 200 (200)
ok   body keyword finds published (1)
ok   admin get A2 200 (200)
ok   bad status filter 400 (400)
ok   student admin list 403 (403)
ok   guest admin list 401 (401)
ok   guest public list 200 (200)
ok   empty title 400 (400)
ok   A1 delete 200 (200)
ok   A1 public detail 404 (404)
ok   A1 admin get 404 (404)
ok   A1 update deleted 404 (404)
ok   A1 publish deleted 404 (404)
ok   A1 re-delete 404 (404)
ok   fav add C1 200 (200)
ok   fav add C1 dup 200 (200)
ok   fav total 1 (1)
ok   fav item course title (p7c11789527838)
ok   fav add R1 200 (200)
ok   fav total 2 (2)
ok   fav filter course 1 (1)
ok   fav filter resource 1 (1)
ok   fav item resource title (p7r11789527838)
ok   fav bad type 400 (400)
ok   fav remove bad type 400 (400)
ok   fav remove bad id 400 (400)
ok   fav missing course 404 (404)
ok   fav missing resource 404 (404)
ok   fav filter bad type 400 (400)
ok   fav guest 401 (401)
ok   DELETE with body rejected 400 (400)
ok   fav remove C1 200 (200)
ok   fav total after remove 1 (1)
ok   fav remove again 404 (404)
ok   fav remove others 404 (404)
ok   fav stu2 isolated 0 (0)
ok   fav add C2 200 (200)
ok   fav total with C2 2 (2)
ok   admin delete C2 200 (200)
ok   fav hides deleted course (1)
ok   fav remove R1 200 (200)
ok   fav empty at end (0)
ok   note create 200 (200)
ok   note course_title (p7c11789527838)
ok   note lesson_title (p7 lesson1)
ok   note empty content 400 (400)
ok   note missing course 404 (404)
ok   note course_id 0 400 (400)
ok   note lesson wrong course 400 (400)
ok   note missing lesson 404 (404)
ok   note create NID2 200 (200)
ok   note create NID3 200 (200)
ok   note guest 401 (401)
ok   notes by course 2 (2)
ok   notes by lesson 1 (1)
ok   notes all 3 (3)
ok   notes stu2 isolated 0 (0)
ok   note update 200 (200)
ok   note content v2 (p7note one v2)
ok   note timestamps ordered (1)
ok   note update missing 404 (404)
ok   note update others 404 (404)
ok   note update empty 400 (400)
ok   note delete others 404 (404)
ok   note delete NID2 200 (200)
ok   note delete again 404 (404)
ok   notes C3 after delete 0 (0)
ok   stats guest 401 (401)
ok   stats student 403 (403)
ok   stats 200 (200)
ok   stats fields positive (1)
ok   stats: register new student (200)
ok   stats users +1 (146)
ok   stats users_today +1 (21)
ok   stats users_7d +1 (146)
ok   stats: create question (200)
ok   stats questions +1 (137)
ok   stats: delete question (200)
ok   stats questions back (136)
ok   stats: create course (200)
ok   stats courses +1 (34)
ok   stats: delete course (200)
ok   stats courses back (33)
ok   stats: proxy order (200)
ok   stats pending +1 (5)
ok   stats: cancel order (200)
ok   stats pending back (4)
ok   server stopped (Windows kill=TearDown, rc=143 非优雅关停路径)
ok   shutdown 日志干净
PASS=126 FAIL=0
